// Jest Snapshot v1, https://goo.gl/fbAQLP

exports[`exercise2("AABABBAB") 1`] = `
Array [
  Object {
    "cargo": Array [
      Cargo {
        "cargo_id": 2,
        "destination": "A",
        "origin": "FACTORY",
      },
    ],
    "destination": "PORT",
    "event": "DEPART",
    "kind": "TRUCK",
    "location": "FACTORY",
    "time": 0,
    "transport_id": 2,
  },
  Object {
    "cargo": Array [
      Cargo {
        "cargo_id": 2,
        "destination": "A",
        "origin": "FACTORY",
      },
    ],
    "event": "ARRIVE",
    "kind": "TRUCK",
    "location": "PORT",
    "time": 1,
    "transport_id": 2,
  },
  Object {
    "cargo": Array [
      Cargo {
        "cargo_id": 2,
        "destination": "A",
        "origin": "FACTORY",
      },
    ],
    "destination": "A",
    "event": "LOAD",
    "kind": "SHIP",
    "location": "PORT",
    "time": 1,
    "transport_id": 3,
  },
  Object {
    "destination": "FACTORY",
    "event": "DEPART",
    "kind": "TRUCK",
    "location": "PORT",
    "time": 1,
    "transport_id": 2,
  },
  Object {
    "event": "ARRIVE",
    "kind": "TRUCK",
    "location": "FACTORY",
    "time": 2,
    "transport_id": 2,
  },
  Object {
    "cargo": Array [
      Cargo {
        "cargo_id": 2,
        "destination": "A",
        "origin": "FACTORY",
      },
    ],
    "destination": "A",
    "event": "DEPART",
    "kind": "SHIP",
    "location": "PORT",
    "time": 2,
    "transport_id": 3,
  },
  Object {
    "cargo": Array [
      Cargo {
        "cargo_id": 2,
        "destination": "A",
        "origin": "FACTORY",
      },
    ],
    "event": "ARRIVE",
    "kind": "SHIP",
    "location": "A",
    "time": 8,
    "transport_id": 3,
  },
  Object {
    "cargo": Array [
      Cargo {
        "cargo_id": 2,
        "destination": "A",
        "origin": "FACTORY",
      },
    ],
    "event": "UNLOAD",
    "kind": "SHIP",
    "location": "A",
    "time": 9,
    "transport_id": 3,
  },
  Object {
    "destination": "PORT",
    "event": "DEPART",
    "kind": "SHIP",
    "location": "A",
    "time": 9,
    "transport_id": 3,
  },
  Object {
    "event": "ARRIVE",
    "kind": "SHIP",
    "location": "PORT",
    "time": 15,
    "transport_id": 3,
  },
]
`;

exports[`exercise2("AABABBAB") 2`] = `
Array [
  Object {
    "cargo": Array [
      Cargo {
        "cargo_id": 3,
        "destination": "B",
        "origin": "FACTORY",
      },
    ],
    "destination": "B",
    "event": "DEPART",
    "kind": "TRUCK",
    "location": "FACTORY",
    "time": 0,
    "transport_id": 4,
  },
  Object {
    "cargo": Array [
      Cargo {
        "cargo_id": 3,
        "destination": "B",
        "origin": "FACTORY",
      },
    ],
    "event": "ARRIVE",
    "kind": "TRUCK",
    "location": "B",
    "time": 5,
    "transport_id": 4,
  },
  Object {
    "destination": "FACTORY",
    "event": "DEPART",
    "kind": "TRUCK",
    "location": "B",
    "time": 5,
    "transport_id": 4,
  },
  Object {
    "event": "ARRIVE",
    "kind": "TRUCK",
    "location": "FACTORY",
    "time": 10,
    "transport_id": 4,
  },
]
`;

exports[`exercise2("AABABBAB") 3`] = `
Array [
  Object {
    "cargo": Array [
      Cargo {
        "cargo_id": 4,
        "destination": "A",
        "origin": "FACTORY",
      },
    ],
    "destination": "PORT",
    "event": "DEPART",
    "kind": "TRUCK",
    "location": "FACTORY",
    "time": 0,
    "transport_id": 5,
  },
  Object {
    "cargo": Array [
      Cargo {
        "cargo_id": 5,
        "destination": "A",
        "origin": "FACTORY",
      },
    ],
    "destination": "PORT",
    "event": "DEPART",
    "kind": "TRUCK",
    "location": "FACTORY",
    "time": 0,
    "transport_id": 6,
  },
  Object {
    "cargo": Array [
      Cargo {
        "cargo_id": 4,
        "destination": "A",
        "origin": "FACTORY",
      },
    ],
    "event": "ARRIVE",
    "kind": "TRUCK",
    "location": "PORT",
    "time": 1,
    "transport_id": 5,
  },
  Object {
    "cargo": Array [
      Cargo {
        "cargo_id": 5,
        "destination": "A",
        "origin": "FACTORY",
      },
    ],
    "event": "ARRIVE",
    "kind": "TRUCK",
    "location": "PORT",
    "time": 1,
    "transport_id": 6,
  },
  Object {
    "cargo": Array [
      Cargo {
        "cargo_id": 4,
        "destination": "A",
        "origin": "FACTORY",
      },
      Cargo {
        "cargo_id": 5,
        "destination": "A",
        "origin": "FACTORY",
      },
    ],
    "destination": "A",
    "event": "LOAD",
    "kind": "SHIP",
    "location": "PORT",
    "time": 1,
    "transport_id": 7,
  },
  Object {
    "destination": "FACTORY",
    "event": "DEPART",
    "kind": "TRUCK",
    "location": "PORT",
    "time": 1,
    "transport_id": 5,
  },
  Object {
    "destination": "FACTORY",
    "event": "DEPART",
    "kind": "TRUCK",
    "location": "PORT",
    "time": 1,
    "transport_id": 6,
  },
  Object {
    "event": "ARRIVE",
    "kind": "TRUCK",
    "location": "FACTORY",
    "time": 2,
    "transport_id": 5,
  },
  Object {
    "event": "ARRIVE",
    "kind": "TRUCK",
    "location": "FACTORY",
    "time": 2,
    "transport_id": 6,
  },
  Object {
    "cargo": Array [
      Cargo {
        "cargo_id": 4,
        "destination": "A",
        "origin": "FACTORY",
      },
      Cargo {
        "cargo_id": 5,
        "destination": "A",
        "origin": "FACTORY",
      },
    ],
    "destination": "A",
    "event": "DEPART",
    "kind": "SHIP",
    "location": "PORT",
    "time": 2,
    "transport_id": 7,
  },
  Object {
    "cargo": Array [
      Cargo {
        "cargo_id": 4,
        "destination": "A",
        "origin": "FACTORY",
      },
      Cargo {
        "cargo_id": 5,
        "destination": "A",
        "origin": "FACTORY",
      },
    ],
    "event": "ARRIVE",
    "kind": "SHIP",
    "location": "A",
    "time": 8,
    "transport_id": 7,
  },
  Object {
    "cargo": Array [
      Cargo {
        "cargo_id": 4,
        "destination": "A",
        "origin": "FACTORY",
      },
      Cargo {
        "cargo_id": 5,
        "destination": "A",
        "origin": "FACTORY",
      },
    ],
    "event": "UNLOAD",
    "kind": "SHIP",
    "location": "A",
    "time": 9,
    "transport_id": 7,
  },
  Object {
    "destination": "PORT",
    "event": "DEPART",
    "kind": "SHIP",
    "location": "A",
    "time": 9,
    "transport_id": 7,
  },
  Object {
    "event": "ARRIVE",
    "kind": "SHIP",
    "location": "PORT",
    "time": 15,
    "transport_id": 7,
  },
]
`;

exports[`exercise2("AABABBAB") 4`] = `
Array [
  Object {
    "cargo": Array [
      Cargo {
        "cargo_id": 6,
        "destination": "B",
        "origin": "FACTORY",
      },
    ],
    "destination": "B",
    "event": "DEPART",
    "kind": "TRUCK",
    "location": "FACTORY",
    "time": 0,
    "transport_id": 8,
  },
  Object {
    "cargo": Array [
      Cargo {
        "cargo_id": 7,
        "destination": "B",
        "origin": "FACTORY",
      },
    ],
    "destination": "B",
    "event": "DEPART",
    "kind": "TRUCK",
    "location": "FACTORY",
    "time": 0,
    "transport_id": 9,
  },
  Object {
    "cargo": Array [
      Cargo {
        "cargo_id": 6,
        "destination": "B",
        "origin": "FACTORY",
      },
    ],
    "event": "ARRIVE",
    "kind": "TRUCK",
    "location": "B",
    "time": 5,
    "transport_id": 8,
  },
  Object {
    "cargo": Array [
      Cargo {
        "cargo_id": 7,
        "destination": "B",
        "origin": "FACTORY",
      },
    ],
    "event": "ARRIVE",
    "kind": "TRUCK",
    "location": "B",
    "time": 5,
    "transport_id": 9,
  },
  Object {
    "destination": "FACTORY",
    "event": "DEPART",
    "kind": "TRUCK",
    "location": "B",
    "time": 5,
    "transport_id": 8,
  },
  Object {
    "destination": "FACTORY",
    "event": "DEPART",
    "kind": "TRUCK",
    "location": "B",
    "time": 5,
    "transport_id": 9,
  },
  Object {
    "event": "ARRIVE",
    "kind": "TRUCK",
    "location": "FACTORY",
    "time": 10,
    "transport_id": 8,
  },
  Object {
    "event": "ARRIVE",
    "kind": "TRUCK",
    "location": "FACTORY",
    "time": 10,
    "transport_id": 9,
  },
]
`;

exports[`exercise2("AABABBAB") 5`] = `
Array [
  Object {
    "cargo": Array [
      Cargo {
        "cargo_id": 8,
        "destination": "A",
        "origin": "FACTORY",
      },
    ],
    "destination": "PORT",
    "event": "DEPART",
    "kind": "TRUCK",
    "location": "FACTORY",
    "time": 0,
    "transport_id": 10,
  },
  Object {
    "cargo": Array [
      Cargo {
        "cargo_id": 9,
        "destination": "B",
        "origin": "FACTORY",
      },
    ],
    "destination": "B",
    "event": "DEPART",
    "kind": "TRUCK",
    "location": "FACTORY",
    "time": 0,
    "transport_id": 11,
  },
  Object {
    "cargo": Array [
      Cargo {
        "cargo_id": 8,
        "destination": "A",
        "origin": "FACTORY",
      },
    ],
    "event": "ARRIVE",
    "kind": "TRUCK",
    "location": "PORT",
    "time": 1,
    "transport_id": 10,
  },
  Object {
    "cargo": Array [
      Cargo {
        "cargo_id": 8,
        "destination": "A",
        "origin": "FACTORY",
      },
    ],
    "destination": "A",
    "event": "LOAD",
    "kind": "SHIP",
    "location": "PORT",
    "time": 1,
    "transport_id": 12,
  },
  Object {
    "destination": "FACTORY",
    "event": "DEPART",
    "kind": "TRUCK",
    "location": "PORT",
    "time": 1,
    "transport_id": 10,
  },
  Object {
    "event": "ARRIVE",
    "kind": "TRUCK",
    "location": "FACTORY",
    "time": 2,
    "transport_id": 10,
  },
  Object {
    "cargo": Array [
      Cargo {
        "cargo_id": 8,
        "destination": "A",
        "origin": "FACTORY",
      },
    ],
    "destination": "A",
    "event": "DEPART",
    "kind": "SHIP",
    "location": "PORT",
    "time": 2,
    "transport_id": 12,
  },
  Object {
    "cargo": Array [
      Cargo {
        "cargo_id": 9,
        "destination": "B",
        "origin": "FACTORY",
      },
    ],
    "event": "ARRIVE",
    "kind": "TRUCK",
    "location": "B",
    "time": 5,
    "transport_id": 11,
  },
  Object {
    "destination": "FACTORY",
    "event": "DEPART",
    "kind": "TRUCK",
    "location": "B",
    "time": 5,
    "transport_id": 11,
  },
  Object {
    "cargo": Array [
      Cargo {
        "cargo_id": 8,
        "destination": "A",
        "origin": "FACTORY",
      },
    ],
    "event": "ARRIVE",
    "kind": "SHIP",
    "location": "A",
    "time": 8,
    "transport_id": 12,
  },
  Object {
    "cargo": Array [
      Cargo {
        "cargo_id": 8,
        "destination": "A",
        "origin": "FACTORY",
      },
    ],
    "event": "UNLOAD",
    "kind": "SHIP",
    "location": "A",
    "time": 9,
    "transport_id": 12,
  },
  Object {
    "destination": "PORT",
    "event": "DEPART",
    "kind": "SHIP",
    "location": "A",
    "time": 9,
    "transport_id": 12,
  },
  Object {
    "event": "ARRIVE",
    "kind": "TRUCK",
    "location": "FACTORY",
    "time": 10,
    "transport_id": 11,
  },
  Object {
    "event": "ARRIVE",
    "kind": "SHIP",
    "location": "PORT",
    "time": 15,
    "transport_id": 12,
  },
]
`;

exports[`exercise2("AABABBAB") 6`] = `
Array [
  Object {
    "cargo": Array [
      Cargo {
        "cargo_id": 10,
        "destination": "B",
        "origin": "FACTORY",
      },
    ],
    "destination": "B",
    "event": "DEPART",
    "kind": "TRUCK",
    "location": "FACTORY",
    "time": 0,
    "transport_id": 13,
  },
  Object {
    "cargo": Array [
      Cargo {
        "cargo_id": 11,
        "destination": "A",
        "origin": "FACTORY",
      },
    ],
    "destination": "PORT",
    "event": "DEPART",
    "kind": "TRUCK",
    "location": "FACTORY",
    "time": 0,
    "transport_id": 14,
  },
  Object {
    "cargo": Array [
      Cargo {
        "cargo_id": 11,
        "destination": "A",
        "origin": "FACTORY",
      },
    ],
    "event": "ARRIVE",
    "kind": "TRUCK",
    "location": "PORT",
    "time": 1,
    "transport_id": 14,
  },
  Object {
    "cargo": Array [
      Cargo {
        "cargo_id": 11,
        "destination": "A",
        "origin": "FACTORY",
      },
    ],
    "destination": "A",
    "event": "LOAD",
    "kind": "SHIP",
    "location": "PORT",
    "time": 1,
    "transport_id": 15,
  },
  Object {
    "destination": "FACTORY",
    "event": "DEPART",
    "kind": "TRUCK",
    "location": "PORT",
    "time": 1,
    "transport_id": 14,
  },
  Object {
    "event": "ARRIVE",
    "kind": "TRUCK",
    "location": "FACTORY",
    "time": 2,
    "transport_id": 14,
  },
  Object {
    "cargo": Array [
      Cargo {
        "cargo_id": 11,
        "destination": "A",
        "origin": "FACTORY",
      },
    ],
    "destination": "A",
    "event": "DEPART",
    "kind": "SHIP",
    "location": "PORT",
    "time": 2,
    "transport_id": 15,
  },
  Object {
    "cargo": Array [
      Cargo {
        "cargo_id": 10,
        "destination": "B",
        "origin": "FACTORY",
      },
    ],
    "event": "ARRIVE",
    "kind": "TRUCK",
    "location": "B",
    "time": 5,
    "transport_id": 13,
  },
  Object {
    "destination": "FACTORY",
    "event": "DEPART",
    "kind": "TRUCK",
    "location": "B",
    "time": 5,
    "transport_id": 13,
  },
  Object {
    "cargo": Array [
      Cargo {
        "cargo_id": 11,
        "destination": "A",
        "origin": "FACTORY",
      },
    ],
    "event": "ARRIVE",
    "kind": "SHIP",
    "location": "A",
    "time": 8,
    "transport_id": 15,
  },
  Object {
    "cargo": Array [
      Cargo {
        "cargo_id": 11,
        "destination": "A",
        "origin": "FACTORY",
      },
    ],
    "event": "UNLOAD",
    "kind": "SHIP",
    "location": "A",
    "time": 9,
    "transport_id": 15,
  },
  Object {
    "destination": "PORT",
    "event": "DEPART",
    "kind": "SHIP",
    "location": "A",
    "time": 9,
    "transport_id": 15,
  },
  Object {
    "event": "ARRIVE",
    "kind": "TRUCK",
    "location": "FACTORY",
    "time": 10,
    "transport_id": 13,
  },
  Object {
    "event": "ARRIVE",
    "kind": "SHIP",
    "location": "PORT",
    "time": 15,
    "transport_id": 15,
  },
]
`;

exports[`exercise2("AABABBAB") 7`] = `
Array [
  Object {
    "cargo": Array [
      Cargo {
        "cargo_id": 12,
        "destination": "A",
        "origin": "FACTORY",
      },
    ],
    "destination": "PORT",
    "event": "DEPART",
    "kind": "TRUCK",
    "location": "FACTORY",
    "time": 0,
    "transport_id": 16,
  },
  Object {
    "cargo": Array [
      Cargo {
        "cargo_id": 13,
        "destination": "A",
        "origin": "FACTORY",
      },
    ],
    "destination": "PORT",
    "event": "DEPART",
    "kind": "TRUCK",
    "location": "FACTORY",
    "time": 0,
    "transport_id": 17,
  },
  Object {
    "cargo": Array [
      Cargo {
        "cargo_id": 12,
        "destination": "A",
        "origin": "FACTORY",
      },
    ],
    "event": "ARRIVE",
    "kind": "TRUCK",
    "location": "PORT",
    "time": 1,
    "transport_id": 16,
  },
  Object {
    "cargo": Array [
      Cargo {
        "cargo_id": 13,
        "destination": "A",
        "origin": "FACTORY",
      },
    ],
    "event": "ARRIVE",
    "kind": "TRUCK",
    "location": "PORT",
    "time": 1,
    "transport_id": 17,
  },
  Object {
    "destination": "FACTORY",
    "event": "DEPART",
    "kind": "TRUCK",
    "location": "PORT",
    "time": 1,
    "transport_id": 16,
  },
  Object {
    "destination": "FACTORY",
    "event": "DEPART",
    "kind": "TRUCK",
    "location": "PORT",
    "time": 1,
    "transport_id": 17,
  },
  Object {
    "event": "ARRIVE",
    "kind": "TRUCK",
    "location": "FACTORY",
    "time": 2,
    "transport_id": 16,
  },
  Object {
    "event": "ARRIVE",
    "kind": "TRUCK",
    "location": "FACTORY",
    "time": 2,
    "transport_id": 17,
  },
  Object {
    "cargo": Array [
      Cargo {
        "cargo_id": 14,
        "destination": "B",
        "origin": "FACTORY",
      },
    ],
    "destination": "B",
    "event": "DEPART",
    "kind": "TRUCK",
    "location": "FACTORY",
    "time": 2,
    "transport_id": 18,
  },
  Object {
    "cargo": Array [
      Cargo {
        "cargo_id": 15,
        "destination": "A",
        "origin": "FACTORY",
      },
    ],
    "destination": "PORT",
    "event": "DEPART",
    "kind": "TRUCK",
    "location": "FACTORY",
    "time": 2,
    "transport_id": 19,
  },
  Object {
    "cargo": Array [
      Cargo {
        "cargo_id": 15,
        "destination": "A",
        "origin": "FACTORY",
      },
    ],
    "event": "ARRIVE",
    "kind": "TRUCK",
    "location": "PORT",
    "time": 3,
    "transport_id": 19,
  },
  Object {
    "destination": "FACTORY",
    "event": "DEPART",
    "kind": "TRUCK",
    "location": "PORT",
    "time": 3,
    "transport_id": 19,
  },
  Object {
    "event": "ARRIVE",
    "kind": "TRUCK",
    "location": "FACTORY",
    "time": 4,
    "transport_id": 19,
  },
  Object {
    "cargo": Array [
      Cargo {
        "cargo_id": 16,
        "destination": "B",
        "origin": "FACTORY",
      },
    ],
    "destination": "B",
    "event": "DEPART",
    "kind": "TRUCK",
    "location": "FACTORY",
    "time": 4,
    "transport_id": 20,
  },
  Object {
    "cargo": Array [
      Cargo {
        "cargo_id": 14,
        "destination": "B",
        "origin": "FACTORY",
      },
    ],
    "event": "ARRIVE",
    "kind": "TRUCK",
    "location": "B",
    "time": 7,
    "transport_id": 18,
  },
  Object {
    "destination": "FACTORY",
    "event": "DEPART",
    "kind": "TRUCK",
    "location": "B",
    "time": 7,
    "transport_id": 18,
  },
  Object {
    "cargo": Array [
      Cargo {
        "cargo_id": 16,
        "destination": "B",
        "origin": "FACTORY",
      },
    ],
    "event": "ARRIVE",
    "kind": "TRUCK",
    "location": "B",
    "time": 9,
    "transport_id": 20,
  },
  Object {
    "destination": "FACTORY",
    "event": "DEPART",
    "kind": "TRUCK",
    "location": "B",
    "time": 9,
    "transport_id": 20,
  },
  Object {
    "event": "ARRIVE",
    "kind": "TRUCK",
    "location": "FACTORY",
    "time": 12,
    "transport_id": 18,
  },
  Object {
    "cargo": Array [
      Cargo {
        "cargo_id": 17,
        "destination": "B",
        "origin": "FACTORY",
      },
    ],
    "destination": "B",
    "event": "DEPART",
    "kind": "TRUCK",
    "location": "FACTORY",
    "time": 12,
    "transport_id": 21,
  },
  Object {
    "event": "ARRIVE",
    "kind": "TRUCK",
    "location": "FACTORY",
    "time": 14,
    "transport_id": 20,
  },
  Object {
    "cargo": Array [
      Cargo {
        "cargo_id": 18,
        "destination": "A",
        "origin": "FACTORY",
      },
    ],
    "destination": "PORT",
    "event": "DEPART",
    "kind": "TRUCK",
    "location": "FACTORY",
    "time": 14,
    "transport_id": 22,
  },
  Object {
    "cargo": Array [
      Cargo {
        "cargo_id": 18,
        "destination": "A",
        "origin": "FACTORY",
      },
    ],
    "event": "ARRIVE",
    "kind": "TRUCK",
    "location": "PORT",
    "time": 15,
    "transport_id": 22,
  },
  Object {
    "cargo": Array [
      Cargo {
        "cargo_id": 12,
        "destination": "A",
        "origin": "FACTORY",
      },
      Cargo {
        "cargo_id": 13,
        "destination": "A",
        "origin": "FACTORY",
      },
      Cargo {
        "cargo_id": 15,
        "destination": "A",
        "origin": "FACTORY",
      },
      Cargo {
        "cargo_id": 18,
        "destination": "A",
        "origin": "FACTORY",
      },
    ],
    "destination": "A",
    "event": "LOAD",
    "kind": "SHIP",
    "location": "PORT",
    "time": 15,
    "transport_id": 23,
  },
  Object {
    "destination": "FACTORY",
    "event": "DEPART",
    "kind": "TRUCK",
    "location": "PORT",
    "time": 15,
    "transport_id": 22,
  },
  Object {
    "event": "ARRIVE",
    "kind": "TRUCK",
    "location": "FACTORY",
    "time": 16,
    "transport_id": 22,
  },
  Object {
    "cargo": Array [
      Cargo {
        "cargo_id": 12,
        "destination": "A",
        "origin": "FACTORY",
      },
      Cargo {
        "cargo_id": 13,
        "destination": "A",
        "origin": "FACTORY",
      },
      Cargo {
        "cargo_id": 15,
        "destination": "A",
        "origin": "FACTORY",
      },
      Cargo {
        "cargo_id": 18,
        "destination": "A",
        "origin": "FACTORY",
      },
    ],
    "destination": "A",
    "event": "DEPART",
    "kind": "SHIP",
    "location": "PORT",
    "time": 16,
    "transport_id": 23,
  },
  Object {
    "cargo": Array [
      Cargo {
        "cargo_id": 19,
        "destination": "B",
        "origin": "FACTORY",
      },
    ],
    "destination": "B",
    "event": "DEPART",
    "kind": "TRUCK",
    "location": "FACTORY",
    "time": 16,
    "transport_id": 24,
  },
  Object {
    "cargo": Array [
      Cargo {
        "cargo_id": 17,
        "destination": "B",
        "origin": "FACTORY",
      },
    ],
    "event": "ARRIVE",
    "kind": "TRUCK",
    "location": "B",
    "time": 17,
    "transport_id": 21,
  },
  Object {
    "destination": "FACTORY",
    "event": "DEPART",
    "kind": "TRUCK",
    "location": "B",
    "time": 17,
    "transport_id": 21,
  },
  Object {
    "cargo": Array [
      Cargo {
        "cargo_id": 19,
        "destination": "B",
        "origin": "FACTORY",
      },
    ],
    "event": "ARRIVE",
    "kind": "TRUCK",
    "location": "B",
    "time": 21,
    "transport_id": 24,
  },
  Object {
    "destination": "FACTORY",
    "event": "DEPART",
    "kind": "TRUCK",
    "location": "B",
    "time": 21,
    "transport_id": 24,
  },
  Object {
    "event": "ARRIVE",
    "kind": "TRUCK",
    "location": "FACTORY",
    "time": 22,
    "transport_id": 21,
  },
  Object {
    "cargo": Array [
      Cargo {
        "cargo_id": 12,
        "destination": "A",
        "origin": "FACTORY",
      },
      Cargo {
        "cargo_id": 13,
        "destination": "A",
        "origin": "FACTORY",
      },
      Cargo {
        "cargo_id": 15,
        "destination": "A",
        "origin": "FACTORY",
      },
      Cargo {
        "cargo_id": 18,
        "destination": "A",
        "origin": "FACTORY",
      },
    ],
    "event": "ARRIVE",
    "kind": "SHIP",
    "location": "A",
    "time": 22,
    "transport_id": 23,
  },
  Object {
    "cargo": Array [
      Cargo {
        "cargo_id": 12,
        "destination": "A",
        "origin": "FACTORY",
      },
      Cargo {
        "cargo_id": 13,
        "destination": "A",
        "origin": "FACTORY",
      },
      Cargo {
        "cargo_id": 15,
        "destination": "A",
        "origin": "FACTORY",
      },
      Cargo {
        "cargo_id": 18,
        "destination": "A",
        "origin": "FACTORY",
      },
    ],
    "event": "UNLOAD",
    "kind": "SHIP",
    "location": "A",
    "time": 23,
    "transport_id": 23,
  },
  Object {
    "destination": "PORT",
    "event": "DEPART",
    "kind": "SHIP",
    "location": "A",
    "time": 23,
    "transport_id": 23,
  },
  Object {
    "event": "ARRIVE",
    "kind": "TRUCK",
    "location": "FACTORY",
    "time": 26,
    "transport_id": 24,
  },
  Object {
    "event": "ARRIVE",
    "kind": "SHIP",
    "location": "PORT",
    "time": 29,
    "transport_id": 23,
  },
]
`;
